[32m2025-07-22 21:52:12 -0600[0m - dagster - [34mDEBUG[0m - scrape_realestate - 47a661bb-2905-4b1f-b8ad-77bea681ec99 - 19196 - LOGS_CAPTURED - Started capturing logs in process (pid: 19196).
[32m2025-07-22 21:52:12 -0600[0m - dagster - [34mDEBUG[0m - scrape_realestate - 47a661bb-2905-4b1f-b8ad-77bea681ec99 - 19196 - merge_staging_to_delta_table.cache_properies_from_rest_api - STEP_START - Started execution of step "merge_staging_to_delta_table.cache_properies_from_rest_api".
[32m2025-07-22 21:52:12 -0600[0m - dagster - [34mDEBUG[0m - scrape_realestate - 47a661bb-2905-4b1f-b8ad-77bea681ec99 - merge_staging_to_delta_table.cache_properies_from_rest_api - Loading file from: /home/baltazarleon/Documents/GitHub/MasterProyect/practical-data-engineering/src/pipelines/real-estate/tmpa4t1t57t/storage/47a661bb-2905-4b1f-b8ad-77bea681ec99/collect_properties/properties using PickledObjectFilesystemIOManager...
[32m2025-07-22 21:52:12 -0600[0m - dagster - [34mDEBUG[0m - scrape_realestate - 47a661bb-2905-4b1f-b8ad-77bea681ec99 - 19196 - merge_staging_to_delta_table.cache_properies_from_rest_api - LOADED_INPUT - Loaded input "properties" using input manager "fs_io_manager", from output "properties" of step "collect_properties"
[32m2025-07-22 21:52:12 -0600[0m - dagster - [34mDEBUG[0m - scrape_realestate - 47a661bb-2905-4b1f-b8ad-77bea681ec99 - 19196 - merge_staging_to_delta_table.cache_properies_from_rest_api - STEP_INPUT - Got input "properties" of type "PropertyDataFrame". (Type check passed).
[32m2025-07-22 21:52:12 -0600[0m - dagster - [34mDEBUG[0m - scrape_realestate - 47a661bb-2905-4b1f-b8ad-77bea681ec99 - merge_staging_to_delta_table.cache_properies_from_rest_api - Request sent to https://api.immoscout24.ch/listings/listing/4002346221
[32m2025-07-22 21:52:14 -0600[0m - dagster - [34mDEBUG[0m - scrape_realestate - 47a661bb-2905-4b1f-b8ad-77bea681ec99 - merge_staging_to_delta_table.cache_properies_from_rest_api - Request sent to https://api.immoscout24.ch/listings/listing/4002178545
[32m2025-07-22 21:52:15 -0600[0m - dagster - [34mDEBUG[0m - scrape_realestate - 47a661bb-2905-4b1f-b8ad-77bea681ec99 - merge_staging_to_delta_table.cache_properies_from_rest_api - Request sent to https://api.immoscout24.ch/listings/listing/4002047801
[32m2025-07-22 21:52:16 -0600[0m - dagster - [34mDEBUG[0m - scrape_realestate - 47a661bb-2905-4b1f-b8ad-77bea681ec99 - merge_staging_to_delta_table.cache_properies_from_rest_api - Request sent to https://api.immoscout24.ch/listings/listing/4002330870
[32m2025-07-22 21:52:17 -0600[0m - dagster - [34mDEBUG[0m - scrape_realestate - 47a661bb-2905-4b1f-b8ad-77bea681ec99 - merge_staging_to_delta_table.cache_properies_from_rest_api - Request sent to https://api.immoscout24.ch/listings/listing/4001691186
[32m2025-07-22 21:52:18 -0600[0m - dagster - [34mDEBUG[0m - scrape_realestate - 47a661bb-2905-4b1f-b8ad-77bea681ec99 - merge_staging_to_delta_table.cache_properies_from_rest_api - Request sent to https://api.immoscout24.ch/listings/listing/4001959857
[32m2025-07-22 21:52:20 -0600[0m - dagster - [34mDEBUG[0m - scrape_realestate - 47a661bb-2905-4b1f-b8ad-77bea681ec99 - merge_staging_to_delta_table.cache_properies_from_rest_api - Request sent to https://api.immoscout24.ch/listings/listing/4002032660
[32m2025-07-22 21:52:21 -0600[0m - dagster - [34mDEBUG[0m - scrape_realestate - 47a661bb-2905-4b1f-b8ad-77bea681ec99 - merge_staging_to_delta_table.cache_properies_from_rest_api - Request sent to https://api.immoscout24.ch/listings/listing/4002130045
[32m2025-07-22 21:52:23 -0600[0m - dagster - [34mDEBUG[0m - scrape_realestate - 47a661bb-2905-4b1f-b8ad-77bea681ec99 - merge_staging_to_delta_table.cache_properies_from_rest_api - Request sent to https://api.immoscout24.ch/listings/listing/4002289191
[32m2025-07-22 21:52:24 -0600[0m - dagster - [34mDEBUG[0m - scrape_realestate - 47a661bb-2905-4b1f-b8ad-77bea681ec99 - merge_staging_to_delta_table.cache_properies_from_rest_api - Request sent to https://api.immoscout24.ch/listings/listing/4001439152
[32m2025-07-22 21:52:25 -0600[0m - dagster - [34mDEBUG[0m - scrape_realestate - 47a661bb-2905-4b1f-b8ad-77bea681ec99 - merge_staging_to_delta_table.cache_properies_from_rest_api - Request sent to https://api.immoscout24.ch/listings/listing/4001213536
[32m2025-07-22 21:52:26 -0600[0m - dagster - [34mDEBUG[0m - scrape_realestate - 47a661bb-2905-4b1f-b8ad-77bea681ec99 - merge_staging_to_delta_table.cache_properies_from_rest_api - Request sent to https://api.immoscout24.ch/listings/listing/4002296393
[32m2025-07-22 21:52:27 -0600[0m - dagster - [34mDEBUG[0m - scrape_realestate - 47a661bb-2905-4b1f-b8ad-77bea681ec99 - merge_staging_to_delta_table.cache_properies_from_rest_api - Request sent to https://api.immoscout24.ch/listings/listing/4002041896
[32m2025-07-22 21:52:29 -0600[0m - dagster - [34mDEBUG[0m - scrape_realestate - 47a661bb-2905-4b1f-b8ad-77bea681ec99 - merge_staging_to_delta_table.cache_properies_from_rest_api - Request sent to https://api.immoscout24.ch/listings/listing/4001965619
[32m2025-07-22 21:52:30 -0600[0m - dagster - [34mDEBUG[0m - scrape_realestate - 47a661bb-2905-4b1f-b8ad-77bea681ec99 - merge_staging_to_delta_table.cache_properies_from_rest_api - Request sent to https://api.immoscout24.ch/listings/listing/4002384556
[32m2025-07-22 21:52:31 -0600[0m - dagster - [34mDEBUG[0m - scrape_realestate - 47a661bb-2905-4b1f-b8ad-77bea681ec99 - merge_staging_to_delta_table.cache_properies_from_rest_api - Request sent to https://api.immoscout24.ch/listings/listing/4002369064
[32m2025-07-22 21:52:32 -0600[0m - dagster - [34mDEBUG[0m - scrape_realestate - 47a661bb-2905-4b1f-b8ad-77bea681ec99 - merge_staging_to_delta_table.cache_properies_from_rest_api - Request sent to https://api.immoscout24.ch/listings/listing/4002238787
[32m2025-07-22 21:52:33 -0600[0m - dagster - [34mDEBUG[0m - scrape_realestate - 47a661bb-2905-4b1f-b8ad-77bea681ec99 - merge_staging_to_delta_table.cache_properies_from_rest_api - Request sent to https://api.immoscout24.ch/listings/listing/4002320208
[32m2025-07-22 21:52:34 -0600[0m - dagster - [34mDEBUG[0m - scrape_realestate - 47a661bb-2905-4b1f-b8ad-77bea681ec99 - merge_staging_to_delta_table.cache_properies_from_rest_api - Request sent to https://api.immoscout24.ch/listings/listing/4002121909
[32m2025-07-22 21:52:35 -0600[0m - dagster - [34mDEBUG[0m - scrape_realestate - 47a661bb-2905-4b1f-b8ad-77bea681ec99 - merge_staging_to_delta_table.cache_properies_from_rest_api - Request sent to https://api.immoscout24.ch/listings/listing/4001701055
[32m2025-07-22 21:52:36 -0600[0m - dagster - [34mDEBUG[0m - scrape_realestate - 47a661bb-2905-4b1f-b8ad-77bea681ec99 - merge_staging_to_delta_table.cache_properies_from_rest_api - Request sent to https://api.immoscout24.ch/listings/listing/4002313503
[32m2025-07-22 21:52:37 -0600[0m - dagster - [34mDEBUG[0m - scrape_realestate - 47a661bb-2905-4b1f-b8ad-77bea681ec99 - merge_staging_to_delta_table.cache_properies_from_rest_api - Request sent to https://api.immoscout24.ch/listings/listing/4002380113
[32m2025-07-22 21:52:38 -0600[0m - dagster - [34mDEBUG[0m - scrape_realestate - 47a661bb-2905-4b1f-b8ad-77bea681ec99 - merge_staging_to_delta_table.cache_properies_from_rest_api - Request sent to https://api.immoscout24.ch/listings/listing/4002101410
[32m2025-07-22 21:52:39 -0600[0m - dagster - [34mDEBUG[0m - scrape_realestate - 47a661bb-2905-4b1f-b8ad-77bea681ec99 - merge_staging_to_delta_table.cache_properies_from_rest_api - Request sent to https://api.immoscout24.ch/listings/listing/4002357211
[32m2025-07-22 21:52:41 -0600[0m - dagster - [34mDEBUG[0m - scrape_realestate - 47a661bb-2905-4b1f-b8ad-77bea681ec99 - merge_staging_to_delta_table.cache_properies_from_rest_api - Request sent to https://api.immoscout24.ch/listings/listing/4002307073
[32m2025-07-22 21:52:42 -0600[0m - dagster - [34mINFO[0m - scrape_realestate - 47a661bb-2905-4b1f-b8ad-77bea681ec99 - merge_staging_to_delta_table.cache_properies_from_rest_api - File handle written at : /tmp/dagster/file_cache/df6e8b83-e0ba-4ad4-9a11-7154f63173cf.gz
[32m2025-07-22 21:52:42 -0600[0m - dagster - [34mDEBUG[0m - scrape_realestate - 47a661bb-2905-4b1f-b8ad-77bea681ec99 - 19196 - merge_staging_to_delta_table.cache_properies_from_rest_api - STEP_OUTPUT - Yielded output "local_file_handle" of type "LocalFileHandle". (Type check passed).
[32m2025-07-22 21:52:42 -0600[0m - dagster - [34mDEBUG[0m - scrape_realestate - 47a661bb-2905-4b1f-b8ad-77bea681ec99 - merge_staging_to_delta_table.cache_properies_from_rest_api - Writing file at: /home/baltazarleon/Documents/GitHub/MasterProyect/practical-data-engineering/src/pipelines/real-estate/tmpa4t1t57t/storage/47a661bb-2905-4b1f-b8ad-77bea681ec99/merge_staging_to_delta_table.cache_properies_from_rest_api/local_file_handle using PickledObjectFilesystemIOManager...
[32m2025-07-22 21:52:42 -0600[0m - dagster - [34mDEBUG[0m - scrape_realestate - 47a661bb-2905-4b1f-b8ad-77bea681ec99 - 19196 - merge_staging_to_delta_table.cache_properies_from_rest_api - HANDLED_OUTPUT - Handled output "local_file_handle" using IO manager "fs_io_manager"
[32m2025-07-22 21:52:42 -0600[0m - dagster - [34mDEBUG[0m - scrape_realestate - 47a661bb-2905-4b1f-b8ad-77bea681ec99 - 19196 - merge_staging_to_delta_table.cache_properies_from_rest_api - STEP_SUCCESS - Finished execution of step "merge_staging_to_delta_table.cache_properies_from_rest_api" in 29.96s.
