[32m2025-07-20 13:14:18 -0600[0m - dagster - [34mDEBUG[0m - scrape_realestate - 630190b1-ab62-4e16-b49e-a8ab4a4045a3 - 21413 - LOGS_CAPTURED - Started capturing logs in process (pid: 21413).
[32m2025-07-20 13:14:18 -0600[0m - dagster - [34mDEBUG[0m - scrape_realestate - 630190b1-ab62-4e16-b49e-a8ab4a4045a3 - 21413 - merge_staging_to_delta_table.cache_properies_from_rest_api - STEP_START - Started execution of step "merge_staging_to_delta_table.cache_properies_from_rest_api".
[32m2025-07-20 13:14:18 -0600[0m - dagster - [34mDEBUG[0m - scrape_realestate - 630190b1-ab62-4e16-b49e-a8ab4a4045a3 - merge_staging_to_delta_table.cache_properies_from_rest_api - Loading file from: /home/baltazarleon/Documents/GitHub/MasterProyect/practical-data-engineering/src/pipelines/real-estate/tmpohrrbkf_/storage/630190b1-ab62-4e16-b49e-a8ab4a4045a3/collect_properties/properties using PickledObjectFilesystemIOManager...
[32m2025-07-20 13:14:18 -0600[0m - dagster - [34mDEBUG[0m - scrape_realestate - 630190b1-ab62-4e16-b49e-a8ab4a4045a3 - 21413 - merge_staging_to_delta_table.cache_properies_from_rest_api - LOADED_INPUT - Loaded input "properties" using input manager "fs_io_manager", from output "properties" of step "collect_properties"
[32m2025-07-20 13:14:18 -0600[0m - dagster - [34mDEBUG[0m - scrape_realestate - 630190b1-ab62-4e16-b49e-a8ab4a4045a3 - 21413 - merge_staging_to_delta_table.cache_properies_from_rest_api - STEP_INPUT - Got input "properties" of type "PropertyDataFrame". (Type check passed).
[32m2025-07-20 13:14:18 -0600[0m - dagster - [34mDEBUG[0m - scrape_realestate - 630190b1-ab62-4e16-b49e-a8ab4a4045a3 - merge_staging_to_delta_table.cache_properies_from_rest_api - Request sent to https://api.immoscout24.ch/listings/listing/4002346221
[32m2025-07-20 13:14:20 -0600[0m - dagster - [34mDEBUG[0m - scrape_realestate - 630190b1-ab62-4e16-b49e-a8ab4a4045a3 - merge_staging_to_delta_table.cache_properies_from_rest_api - Request sent to https://api.immoscout24.ch/listings/listing/4002178545
[32m2025-07-20 13:14:21 -0600[0m - dagster - [34mDEBUG[0m - scrape_realestate - 630190b1-ab62-4e16-b49e-a8ab4a4045a3 - merge_staging_to_delta_table.cache_properies_from_rest_api - Request sent to https://api.immoscout24.ch/listings/listing/4002047801
[32m2025-07-20 13:14:23 -0600[0m - dagster - [34mDEBUG[0m - scrape_realestate - 630190b1-ab62-4e16-b49e-a8ab4a4045a3 - merge_staging_to_delta_table.cache_properies_from_rest_api - Request sent to https://api.immoscout24.ch/listings/listing/4002330870
[32m2025-07-20 13:14:24 -0600[0m - dagster - [34mDEBUG[0m - scrape_realestate - 630190b1-ab62-4e16-b49e-a8ab4a4045a3 - merge_staging_to_delta_table.cache_properies_from_rest_api - Request sent to https://api.immoscout24.ch/listings/listing/4001691186
[32m2025-07-20 13:14:25 -0600[0m - dagster - [34mDEBUG[0m - scrape_realestate - 630190b1-ab62-4e16-b49e-a8ab4a4045a3 - merge_staging_to_delta_table.cache_properies_from_rest_api - Request sent to https://api.immoscout24.ch/listings/listing/4001892443
[32m2025-07-20 13:14:26 -0600[0m - dagster - [34mDEBUG[0m - scrape_realestate - 630190b1-ab62-4e16-b49e-a8ab4a4045a3 - merge_staging_to_delta_table.cache_properies_from_rest_api - Request sent to https://api.immoscout24.ch/listings/listing/4001959857
[32m2025-07-20 13:14:27 -0600[0m - dagster - [34mDEBUG[0m - scrape_realestate - 630190b1-ab62-4e16-b49e-a8ab4a4045a3 - merge_staging_to_delta_table.cache_properies_from_rest_api - Request sent to https://api.immoscout24.ch/listings/listing/4001213536
[32m2025-07-20 13:14:28 -0600[0m - dagster - [34mDEBUG[0m - scrape_realestate - 630190b1-ab62-4e16-b49e-a8ab4a4045a3 - merge_staging_to_delta_table.cache_properies_from_rest_api - Request sent to https://api.immoscout24.ch/listings/listing/4002130045
[32m2025-07-20 13:14:29 -0600[0m - dagster - [34mDEBUG[0m - scrape_realestate - 630190b1-ab62-4e16-b49e-a8ab4a4045a3 - merge_staging_to_delta_table.cache_properies_from_rest_api - Request sent to https://api.immoscout24.ch/listings/listing/4001419801
[32m2025-07-20 13:14:31 -0600[0m - dagster - [34mDEBUG[0m - scrape_realestate - 630190b1-ab62-4e16-b49e-a8ab4a4045a3 - merge_staging_to_delta_table.cache_properies_from_rest_api - Request sent to https://api.immoscout24.ch/listings/listing/4002344875
[32m2025-07-20 13:14:32 -0600[0m - dagster - [34mDEBUG[0m - scrape_realestate - 630190b1-ab62-4e16-b49e-a8ab4a4045a3 - merge_staging_to_delta_table.cache_properies_from_rest_api - Request sent to https://api.immoscout24.ch/listings/listing/4001837435
[32m2025-07-20 13:14:33 -0600[0m - dagster - [34mDEBUG[0m - scrape_realestate - 630190b1-ab62-4e16-b49e-a8ab4a4045a3 - merge_staging_to_delta_table.cache_properies_from_rest_api - Request sent to https://api.immoscout24.ch/listings/listing/4001837411
[32m2025-07-20 13:14:34 -0600[0m - dagster - [34mDEBUG[0m - scrape_realestate - 630190b1-ab62-4e16-b49e-a8ab4a4045a3 - merge_staging_to_delta_table.cache_properies_from_rest_api - Request sent to https://api.immoscout24.ch/listings/listing/4001837370
[32m2025-07-20 13:14:35 -0600[0m - dagster - [34mDEBUG[0m - scrape_realestate - 630190b1-ab62-4e16-b49e-a8ab4a4045a3 - merge_staging_to_delta_table.cache_properies_from_rest_api - Request sent to https://api.immoscout24.ch/listings/listing/4001837207
[32m2025-07-20 13:14:37 -0600[0m - dagster - [34mDEBUG[0m - scrape_realestate - 630190b1-ab62-4e16-b49e-a8ab4a4045a3 - merge_staging_to_delta_table.cache_properies_from_rest_api - Request sent to https://api.immoscout24.ch/listings/listing/4001419825
[32m2025-07-20 13:14:38 -0600[0m - dagster - [34mDEBUG[0m - scrape_realestate - 630190b1-ab62-4e16-b49e-a8ab4a4045a3 - merge_staging_to_delta_table.cache_properies_from_rest_api - Request sent to https://api.immoscout24.ch/listings/listing/4001419796
[32m2025-07-20 13:14:39 -0600[0m - dagster - [34mDEBUG[0m - scrape_realestate - 630190b1-ab62-4e16-b49e-a8ab4a4045a3 - merge_staging_to_delta_table.cache_properies_from_rest_api - Request sent to https://api.immoscout24.ch/listings/listing/4002165841
[32m2025-07-20 13:14:40 -0600[0m - dagster - [34mDEBUG[0m - scrape_realestate - 630190b1-ab62-4e16-b49e-a8ab4a4045a3 - merge_staging_to_delta_table.cache_properies_from_rest_api - Request sent to https://api.immoscout24.ch/listings/listing/4001837314
[32m2025-07-20 13:14:42 -0600[0m - dagster - [34mDEBUG[0m - scrape_realestate - 630190b1-ab62-4e16-b49e-a8ab4a4045a3 - merge_staging_to_delta_table.cache_properies_from_rest_api - Request sent to https://api.immoscout24.ch/listings/listing/4001837267
[32m2025-07-20 13:14:42 -0600[0m - dagster - [34mDEBUG[0m - scrape_realestate - 630190b1-ab62-4e16-b49e-a8ab4a4045a3 - merge_staging_to_delta_table.cache_properies_from_rest_api - Request sent to https://api.immoscout24.ch/listings/listing/4001419826
[32m2025-07-20 13:14:43 -0600[0m - dagster - [34mDEBUG[0m - scrape_realestate - 630190b1-ab62-4e16-b49e-a8ab4a4045a3 - merge_staging_to_delta_table.cache_properies_from_rest_api - Request sent to https://api.immoscout24.ch/listings/listing/4001419819
[32m2025-07-20 13:14:44 -0600[0m - dagster - [34mDEBUG[0m - scrape_realestate - 630190b1-ab62-4e16-b49e-a8ab4a4045a3 - merge_staging_to_delta_table.cache_properies_from_rest_api - Request sent to https://api.immoscout24.ch/listings/listing/4002261051
[32m2025-07-20 13:14:46 -0600[0m - dagster - [34mDEBUG[0m - scrape_realestate - 630190b1-ab62-4e16-b49e-a8ab4a4045a3 - merge_staging_to_delta_table.cache_properies_from_rest_api - Request sent to https://api.immoscout24.ch/listings/listing/4002311686
[32m2025-07-20 13:14:47 -0600[0m - dagster - [34mDEBUG[0m - scrape_realestate - 630190b1-ab62-4e16-b49e-a8ab4a4045a3 - merge_staging_to_delta_table.cache_properies_from_rest_api - Request sent to https://api.immoscout24.ch/listings/listing/4002296393
[32m2025-07-20 13:14:48 -0600[0m - dagster - [34mINFO[0m - scrape_realestate - 630190b1-ab62-4e16-b49e-a8ab4a4045a3 - merge_staging_to_delta_table.cache_properies_from_rest_api - File handle written at : /tmp/dagster/file_cache/d6853001-8e3a-42e4-9963-588732749a43.gz
[32m2025-07-20 13:14:48 -0600[0m - dagster - [34mDEBUG[0m - scrape_realestate - 630190b1-ab62-4e16-b49e-a8ab4a4045a3 - 21413 - merge_staging_to_delta_table.cache_properies_from_rest_api - STEP_OUTPUT - Yielded output "local_file_handle" of type "LocalFileHandle". (Type check passed).
[32m2025-07-20 13:14:48 -0600[0m - dagster - [34mDEBUG[0m - scrape_realestate - 630190b1-ab62-4e16-b49e-a8ab4a4045a3 - merge_staging_to_delta_table.cache_properies_from_rest_api - Writing file at: /home/baltazarleon/Documents/GitHub/MasterProyect/practical-data-engineering/src/pipelines/real-estate/tmpohrrbkf_/storage/630190b1-ab62-4e16-b49e-a8ab4a4045a3/merge_staging_to_delta_table.cache_properies_from_rest_api/local_file_handle using PickledObjectFilesystemIOManager...
[32m2025-07-20 13:14:48 -0600[0m - dagster - [34mDEBUG[0m - scrape_realestate - 630190b1-ab62-4e16-b49e-a8ab4a4045a3 - 21413 - merge_staging_to_delta_table.cache_properies_from_rest_api - HANDLED_OUTPUT - Handled output "local_file_handle" using IO manager "fs_io_manager"
[32m2025-07-20 13:14:48 -0600[0m - dagster - [34mDEBUG[0m - scrape_realestate - 630190b1-ab62-4e16-b49e-a8ab4a4045a3 - 21413 - merge_staging_to_delta_table.cache_properies_from_rest_api - STEP_SUCCESS - Finished execution of step "merge_staging_to_delta_table.cache_properies_from_rest_api" in 30.17s.
